// Jest Snapshot v1, https://goo.gl/fbAQLP

exports[`does the Article component render? should render the Article component 1`] = `
<DocumentFragment>
  <h1>
    title
  </h1>
  <p>
    Written by: author
  </p>
  <p>
    Article summary: description
  </p>
</DocumentFragment>
`;
